args: ('foo', -1, 0) => foo, -2, 0
args: ('foo', -1, 48) => foo, -2, 47
args: ('foo', -1, 49) => foo, -2, 48
args: ('foo', -1, 50) => foo, -2, 49
args: ('foo', -1, 47) => foo, -2, 46
args: ('foo', 2, 0) => foo, 1, 0
args: ('foo', 2, 48) => foo, 1, 47
args: ('foo', 2, 49) => foo, 1, 48
args: ('foo', 2, 50) => foo, 1, 49
args: ('foo', 2, 47) => foo, 1, 46
args: ('foo', 6, 0) => foo, 5, 0
args: ('foo', 6, 48) => foo, 5, 47
args: ('foo', 6, 49) => foo, 5, 48
args: ('foo', 6, 50) => foo, 5, 49
args: ('foo', 6, 47) => foo, 5, 46
args: ('foo', 0, 0) => foo, -1, 0
args: ('foo', 0, 48) => foo, -1, 47
args: ('foo', 0, 49) => foo, -1, 48
args: ('foo', 0, 50) => foo, -1, 49
args: ('foo', 0, 47) => foo, -1, 46
args: ('foo', 11, 0) => foo, 10, 0
args: ('foo', 11, 48) => foo, 10, 47
args: ('foo', 11, 49) => foo, 10, 48
args: ('foo', 11, 50) => foo, 10, 49
args: ('foo', 11, 47) => foo, 10, 46
args: ('foo', 7, 0) => foo, 6, 0
args: ('foo', 7, 48) => foo, 6, 47
args: ('foo', 7, 49) => foo, 6, 48
args: ('foo', 7, 50) => foo, 6, 49
args: ('foo', 7, 47) => foo, 6, 46
args: ('Aged Brie', -1, 0) => Aged Brie, -2, 2
args: ('Aged Brie', -1, 48) => Aged Brie, -2, 50
args: ('Aged Brie', -1, 49) => Aged Brie, -2, 50
args: ('Aged Brie', -1, 50) => Aged Brie, -2, 50
args: ('Aged Brie', -1, 47) => Aged Brie, -2, 49
args: ('Aged Brie', 2, 0) => Aged Brie, 1, 1
args: ('Aged Brie', 2, 48) => Aged Brie, 1, 49
args: ('Aged Brie', 2, 49) => Aged Brie, 1, 50
args: ('Aged Brie', 2, 50) => Aged Brie, 1, 50
args: ('Aged Brie', 2, 47) => Aged Brie, 1, 48
args: ('Aged Brie', 6, 0) => Aged Brie, 5, 1
args: ('Aged Brie', 6, 48) => Aged Brie, 5, 49
args: ('Aged Brie', 6, 49) => Aged Brie, 5, 50
args: ('Aged Brie', 6, 50) => Aged Brie, 5, 50
args: ('Aged Brie', 6, 47) => Aged Brie, 5, 48
args: ('Aged Brie', 0, 0) => Aged Brie, -1, 2
args: ('Aged Brie', 0, 48) => Aged Brie, -1, 50
args: ('Aged Brie', 0, 49) => Aged Brie, -1, 50
args: ('Aged Brie', 0, 50) => Aged Brie, -1, 50
args: ('Aged Brie', 0, 47) => Aged Brie, -1, 49
args: ('Aged Brie', 11, 0) => Aged Brie, 10, 1
args: ('Aged Brie', 11, 48) => Aged Brie, 10, 49
args: ('Aged Brie', 11, 49) => Aged Brie, 10, 50
args: ('Aged Brie', 11, 50) => Aged Brie, 10, 50
args: ('Aged Brie', 11, 47) => Aged Brie, 10, 48
args: ('Aged Brie', 7, 0) => Aged Brie, 6, 1
args: ('Aged Brie', 7, 48) => Aged Brie, 6, 49
args: ('Aged Brie', 7, 49) => Aged Brie, 6, 50
args: ('Aged Brie', 7, 50) => Aged Brie, 6, 50
args: ('Aged Brie', 7, 47) => Aged Brie, 6, 48
args: ('Sulfuras, Hand of Ragnaros', -1, 0) => Sulfuras, Hand of Ragnaros, -1, 0
args: ('Sulfuras, Hand of Ragnaros', -1, 48) => Sulfuras, Hand of Ragnaros, -1, 48
args: ('Sulfuras, Hand of Ragnaros', -1, 49) => Sulfuras, Hand of Ragnaros, -1, 49
args: ('Sulfuras, Hand of Ragnaros', -1, 50) => Sulfuras, Hand of Ragnaros, -1, 50
args: ('Sulfuras, Hand of Ragnaros', -1, 47) => Sulfuras, Hand of Ragnaros, -1, 47
args: ('Sulfuras, Hand of Ragnaros', 2, 0) => Sulfuras, Hand of Ragnaros, 2, 0
args: ('Sulfuras, Hand of Ragnaros', 2, 48) => Sulfuras, Hand of Ragnaros, 2, 48
args: ('Sulfuras, Hand of Ragnaros', 2, 49) => Sulfuras, Hand of Ragnaros, 2, 49
args: ('Sulfuras, Hand of Ragnaros', 2, 50) => Sulfuras, Hand of Ragnaros, 2, 50
args: ('Sulfuras, Hand of Ragnaros', 2, 47) => Sulfuras, Hand of Ragnaros, 2, 47
args: ('Sulfuras, Hand of Ragnaros', 6, 0) => Sulfuras, Hand of Ragnaros, 6, 0
args: ('Sulfuras, Hand of Ragnaros', 6, 48) => Sulfuras, Hand of Ragnaros, 6, 48
args: ('Sulfuras, Hand of Ragnaros', 6, 49) => Sulfuras, Hand of Ragnaros, 6, 49
args: ('Sulfuras, Hand of Ragnaros', 6, 50) => Sulfuras, Hand of Ragnaros, 6, 50
args: ('Sulfuras, Hand of Ragnaros', 6, 47) => Sulfuras, Hand of Ragnaros, 6, 47
args: ('Sulfuras, Hand of Ragnaros', 0, 0) => Sulfuras, Hand of Ragnaros, 0, 0
args: ('Sulfuras, Hand of Ragnaros', 0, 48) => Sulfuras, Hand of Ragnaros, 0, 48
args: ('Sulfuras, Hand of Ragnaros', 0, 49) => Sulfuras, Hand of Ragnaros, 0, 49
args: ('Sulfuras, Hand of Ragnaros', 0, 50) => Sulfuras, Hand of Ragnaros, 0, 50
args: ('Sulfuras, Hand of Ragnaros', 0, 47) => Sulfuras, Hand of Ragnaros, 0, 47
args: ('Sulfuras, Hand of Ragnaros', 11, 0) => Sulfuras, Hand of Ragnaros, 11, 0
args: ('Sulfuras, Hand of Ragnaros', 11, 48) => Sulfuras, Hand of Ragnaros, 11, 48
args: ('Sulfuras, Hand of Ragnaros', 11, 49) => Sulfuras, Hand of Ragnaros, 11, 49
args: ('Sulfuras, Hand of Ragnaros', 11, 50) => Sulfuras, Hand of Ragnaros, 11, 50
args: ('Sulfuras, Hand of Ragnaros', 11, 47) => Sulfuras, Hand of Ragnaros, 11, 47
args: ('Sulfuras, Hand of Ragnaros', 7, 0) => Sulfuras, Hand of Ragnaros, 7, 0
args: ('Sulfuras, Hand of Ragnaros', 7, 48) => Sulfuras, Hand of Ragnaros, 7, 48
args: ('Sulfuras, Hand of Ragnaros', 7, 49) => Sulfuras, Hand of Ragnaros, 7, 49
args: ('Sulfuras, Hand of Ragnaros', 7, 50) => Sulfuras, Hand of Ragnaros, 7, 50
args: ('Sulfuras, Hand of Ragnaros', 7, 47) => Sulfuras, Hand of Ragnaros, 7, 47
args: ('Backstage passes to a TAFKAL80ETC concert', -1, 0) => Backstage passes to a TAFKAL80ETC concert, -2, 0
args: ('Backstage passes to a TAFKAL80ETC concert', -1, 48) => Backstage passes to a TAFKAL80ETC concert, -2, 0
args: ('Backstage passes to a TAFKAL80ETC concert', -1, 49) => Backstage passes to a TAFKAL80ETC concert, -2, 0
args: ('Backstage passes to a TAFKAL80ETC concert', -1, 50) => Backstage passes to a TAFKAL80ETC concert, -2, 0
args: ('Backstage passes to a TAFKAL80ETC concert', -1, 47) => Backstage passes to a TAFKAL80ETC concert, -2, 0
args: ('Backstage passes to a TAFKAL80ETC concert', 2, 0) => Backstage passes to a TAFKAL80ETC concert, 1, 3
args: ('Backstage passes to a TAFKAL80ETC concert', 2, 48) => Backstage passes to a TAFKAL80ETC concert, 1, 50
args: ('Backstage passes to a TAFKAL80ETC concert', 2, 49) => Backstage passes to a TAFKAL80ETC concert, 1, 50
args: ('Backstage passes to a TAFKAL80ETC concert', 2, 50) => Backstage passes to a TAFKAL80ETC concert, 1, 50
args: ('Backstage passes to a TAFKAL80ETC concert', 2, 47) => Backstage passes to a TAFKAL80ETC concert, 1, 50
args: ('Backstage passes to a TAFKAL80ETC concert', 6, 0) => Backstage passes to a TAFKAL80ETC concert, 5, 2
args: ('Backstage passes to a TAFKAL80ETC concert', 6, 48) => Backstage passes to a TAFKAL80ETC concert, 5, 50
args: ('Backstage passes to a TAFKAL80ETC concert', 6, 49) => Backstage passes to a TAFKAL80ETC concert, 5, 50
args: ('Backstage passes to a TAFKAL80ETC concert', 6, 50) => Backstage passes to a TAFKAL80ETC concert, 5, 50
args: ('Backstage passes to a TAFKAL80ETC concert', 6, 47) => Backstage passes to a TAFKAL80ETC concert, 5, 49
args: ('Backstage passes to a TAFKAL80ETC concert', 0, 0) => Backstage passes to a TAFKAL80ETC concert, -1, 0
args: ('Backstage passes to a TAFKAL80ETC concert', 0, 48) => Backstage passes to a TAFKAL80ETC concert, -1, 0
args: ('Backstage passes to a TAFKAL80ETC concert', 0, 49) => Backstage passes to a TAFKAL80ETC concert, -1, 0
args: ('Backstage passes to a TAFKAL80ETC concert', 0, 50) => Backstage passes to a TAFKAL80ETC concert, -1, 0
args: ('Backstage passes to a TAFKAL80ETC concert', 0, 47) => Backstage passes to a TAFKAL80ETC concert, -1, 0
args: ('Backstage passes to a TAFKAL80ETC concert', 11, 0) => Backstage passes to a TAFKAL80ETC concert, 10, 1
args: ('Backstage passes to a TAFKAL80ETC concert', 11, 48) => Backstage passes to a TAFKAL80ETC concert, 10, 49
args: ('Backstage passes to a TAFKAL80ETC concert', 11, 49) => Backstage passes to a TAFKAL80ETC concert, 10, 50
args: ('Backstage passes to a TAFKAL80ETC concert', 11, 50) => Backstage passes to a TAFKAL80ETC concert, 10, 50
args: ('Backstage passes to a TAFKAL80ETC concert', 11, 47) => Backstage passes to a TAFKAL80ETC concert, 10, 48
args: ('Backstage passes to a TAFKAL80ETC concert', 7, 0) => Backstage passes to a TAFKAL80ETC concert, 6, 2
args: ('Backstage passes to a TAFKAL80ETC concert', 7, 48) => Backstage passes to a TAFKAL80ETC concert, 6, 50
args: ('Backstage passes to a TAFKAL80ETC concert', 7, 49) => Backstage passes to a TAFKAL80ETC concert, 6, 50
args: ('Backstage passes to a TAFKAL80ETC concert', 7, 50) => Backstage passes to a TAFKAL80ETC concert, 6, 50
args: ('Backstage passes to a TAFKAL80ETC concert', 7, 47) => Backstage passes to a TAFKAL80ETC concert, 6, 49
